---
source: crates/skribble_css/tests/css.rs
assertion_line: 63
expression: "generate_css(&config, &collector.get_class_names())"

---

