---
source: crates/skribble_css/src/scanner.rs
assertion_line: 84
expression: "class_names.join(\"\\n\")"

---
.md\:focus\:\:\$block:focus
.sm\:focus\:\:\$block:focus
.lg\:focus\:\:\$block:focus
