---
source: crates/skribble_css/src/scanner.rs
assertion_line: 40
expression: "crate::test_utils::get_selector(&crate::test_utils::create_config(None).unwrap(),\n                                \"\\\n    import { c as b } from 'skribble-css/client';\n    {\n      b.lg.focus.$block;\n    }\")"

---
.lg\:focus\:\:\$block:focus
