---
source: crates/skribble_css/src/scanner.rs
assertion_line: 165
expression: "crate::test_utils::get_selector(&crate::test_utils::create_config(None).unwrap(),\n                                \"\\\n    import Other from 'library';\n    import { c } from 'skribble-css';\n\n    c.sm.p.$1;\")"

---
.sm\:p\:\$1
