---
source: crates/skribble_css/src/generate_css.rs
assertion_line: 321
expression: output

---
@media (min-width: 768px) {
  @media print {
    .md\:print\:px\:\:\$px {
      padding-right: 1px;
      padding-left: 1px;
    }
  }
}
